Traceback (most recent call last):
  File "/home/ubuntu/align_research_20260910/env/lib/python3.12/site-packages/transformers/utils/hub.py", line 422, in cached_files
    hf_hub_download(
  File "/home/ubuntu/align_research_20260910/env/lib/python3.12/site-packages/huggingface_hub/utils/_validators.py", line 88, in _inner_fn
    return fn(*args, **kwargs)
           ^^^^^^^^^^^^^^^^^^^
  File "/home/ubuntu/align_research_20260910/env/lib/python3.12/site-packages/huggingface_hub/file_download.py", line 1028, in hf_hub_download
    return _hf_hub_download_to_cache_dir(
           ^^^^^^^^^^^^^^^^^^^^^^^^^^^^^^
  File "/home/ubuntu/align_research_20260910/env/lib/python3.12/site-packages/huggingface_hub/file_download.py", line 1175, in _hf_hub_download_to_cache_dir
    _raise_on_head_call_error(head_call_error, force_download, local_files_only)
  File "/home/ubuntu/align_research_20260910/env/lib/python3.12/site-packages/huggingface_hub/file_download.py", line 1906, in _raise_on_head_call_error
    raise LocalEntryNotFoundError(
huggingface_hub.errors.LocalEntryNotFoundError: Cannot find the requested files in the disk cache and outgoing traffic has been disabled. To enable hf.co look-ups and downloads online, set 'local_files_only' to False.

The above exception was the direct cause of the following exception:

Traceback (most recent call last):
  File "/home/ubuntu/align_research_20260910/env/lib/python3.12/site-packages/transformers/models/auto/tokenization_auto.py", line 684, in from_pretrained
    config = AutoConfig.from_pretrained(
             ^^^^^^^^^^^^^^^^^^^^^^^^^^^
  File "/home/ubuntu/align_research_20260910/env/lib/python3.12/site-packages/transformers/models/auto/configuration_auto.py", line 1483, in from_pretrained
    config_dict, unused_kwargs = PreTrainedConfig.get_config_dict(pretrained_model_name_or_path, **kwargs)
                                 ^^^^^^^^^^^^^^^^^^^^^^^^^^^^^^^^^^^^^^^^^^^^^^^^^^^^^^^^^^^^^^^^^^^^^^^^^
  File "/home/ubuntu/align_research_20260910/env/lib/python3.12/site-packages/transformers/configuration_utils.py", line 670, in get_config_dict
    config_dict, kwargs = cls._get_config_dict(pretrained_model_name_or_path, **kwargs)
                          ^^^^^^^^^^^^^^^^^^^^^^^^^^^^^^^^^^^^^^^^^^^^^^^^^^^^^^^^^^^^^
  File "/home/ubuntu/align_research_20260910/env/lib/python3.12/site-packages/transformers/configuration_utils.py", line 725, in _get_config_dict
    resolved_config_file = cached_file(
                           ^^^^^^^^^^^^
  File "/home/ubuntu/align_research_20260910/env/lib/python3.12/site-packages/transformers/utils/hub.py", line 278, in cached_file
    file = cached_files(path_or_repo_id=path_or_repo_id, filenames=[filename], **kwargs)
           ^^^^^^^^^^^^^^^^^^^^^^^^^^^^^^^^^^^^^^^^^^^^^^^^^^^^^^^^^^^^^^^^^^^^^^^^^^^^^
  File "/home/ubuntu/align_research_20260910/env/lib/python3.12/site-packages/transformers/utils/hub.py", line 498, in cached_files
    raise OSError(
OSError: We couldn't connect to 'https://huggingface.co' to load the files, and couldn't find them in the cached files.
Check your internet connection or see how to run the library in offline mode at 'https://huggingface.co/docs/transformers/installation#offline-mode'.

During handling of the above exception, another exception occurred:

Traceback (most recent call last):
  File "/home/ubuntu/align_research_20260910/env/lib/python3.12/site-packages/transformers/utils/hub.py", line 422, in cached_files
    hf_hub_download(
  File "/home/ubuntu/align_research_20260910/env/lib/python3.12/site-packages/huggingface_hub/utils/_validators.py", line 88, in _inner_fn
    return fn(*args, **kwargs)
           ^^^^^^^^^^^^^^^^^^^
  File "/home/ubuntu/align_research_20260910/env/lib/python3.12/site-packages/huggingface_hub/file_download.py", line 1028, in hf_hub_download
    return _hf_hub_download_to_cache_dir(
           ^^^^^^^^^^^^^^^^^^^^^^^^^^^^^^
  File "/home/ubuntu/align_research_20260910/env/lib/python3.12/site-packages/huggingface_hub/file_download.py", line 1175, in _hf_hub_download_to_cache_dir
    _raise_on_head_call_error(head_call_error, force_download, local_files_only)
  File "/home/ubuntu/align_research_20260910/env/lib/python3.12/site-packages/huggingface_hub/file_download.py", line 1906, in _raise_on_head_call_error
    raise LocalEntryNotFoundError(
huggingface_hub.errors.LocalEntryNotFoundError: Cannot find the requested files in the disk cache and outgoing traffic has been disabled. To enable hf.co look-ups and downloads online, set 'local_files_only' to False.

The above exception was the direct cause of the following exception:

Traceback (most recent call last):
  File "/home/ubuntu/align_research_20260910/scripts/run_memory_graft_security_s2.py", line 478, in <module>
    main()
  File "/home/ubuntu/align_research_20260910/scripts/run_memory_graft_security_s2.py", line 446, in main
    tokenizer = AutoTokenizer.from_pretrained(config["tokenizer"]["id"],
                ^^^^^^^^^^^^^^^^^^^^^^^^^^^^^^^^^^^^^^^^^^^^^^^^^^^^^^^^
  File "/home/ubuntu/align_research_20260910/env/lib/python3.12/site-packages/transformers/models/auto/tokenization_auto.py", line 688, in from_pretrained
    config = PreTrainedConfig.from_pretrained(pretrained_model_name_or_path, **kwargs)
             ^^^^^^^^^^^^^^^^^^^^^^^^^^^^^^^^^^^^^^^^^^^^^^^^^^^^^^^^^^^^^^^^^^^^^^^^^
  File "/home/ubuntu/align_research_20260910/env/lib/python3.12/site-packages/transformers/configuration_utils.py", line 629, in from_pretrained
    config_dict, kwargs = cls.get_config_dict(pretrained_model_name_or_path, **kwargs)
                          ^^^^^^^^^^^^^^^^^^^^^^^^^^^^^^^^^^^^^^^^^^^^^^^^^^^^^^^^^^^^
  File "/home/ubuntu/align_research_20260910/env/lib/python3.12/site-packages/transformers/configuration_utils.py", line 670, in get_config_dict
    config_dict, kwargs = cls._get_config_dict(pretrained_model_name_or_path, **kwargs)
                          ^^^^^^^^^^^^^^^^^^^^^^^^^^^^^^^^^^^^^^^^^^^^^^^^^^^^^^^^^^^^^
  File "/home/ubuntu/align_research_20260910/env/lib/python3.12/site-packages/transformers/configuration_utils.py", line 725, in _get_config_dict
    resolved_config_file = cached_file(
                           ^^^^^^^^^^^^
  File "/home/ubuntu/align_research_20260910/env/lib/python3.12/site-packages/transformers/utils/hub.py", line 278, in cached_file
    file = cached_files(path_or_repo_id=path_or_repo_id, filenames=[filename], **kwargs)
           ^^^^^^^^^^^^^^^^^^^^^^^^^^^^^^^^^^^^^^^^^^^^^^^^^^^^^^^^^^^^^^^^^^^^^^^^^^^^^
  File "/home/ubuntu/align_research_20260910/env/lib/python3.12/site-packages/transformers/utils/hub.py", line 498, in cached_files
    raise OSError(
OSError: We couldn't connect to 'https://huggingface.co' to load the files, and couldn't find them in the cached files.
Check your internet connection or see how to run the library in offline mode at 'https://huggingface.co/docs/transformers/installation#offline-mode'.
